[1/1] Limnoriidae genera=3 species=62
[1/154] Acanthaspidiidae genera=3 species=36
[2/154] Aegidae genera=9 species=159
[5/154] Amphisopidae genera=10 species=42
[6/154] Amphisopodidae genera=1 species=1
[7/154] Ancinidae genera=2 species=15
[8/154] Antarcturidae genera=20 species=105
[9/154] Antheluridae genera=3 species=19
[10/154] Anthuridae genera=26 species=317
[11/154] Anuropidae genera=1 species=10
[12/154] Archaeoniscidae genera=3 species=9
[13/154] Archeoniscidae genera=0 species=0
[14/154] Arcturidae genera=17 species=173
[15/154] Arcturididae genera=1 species=1
[18/154] Armadilliidae genera=0 species=0
[19/154] Asconiscidae genera=1 species=1
[20/154] Asellidae genera=26 species=362
[21/154] Atlantasellidae genera=1 species=2
[22/154] Atlantidiidae genera=0 species=0
[23/154] Austrarcturellidae genera=5 species=45
[25/154] Barybrotidae genera=1 species=1
[26/154] Basserolidae genera=1 species=2
[27/154] Bathynataliidae genera=3 species=4
[31/154] Bopyridae genera=171 species=669
[34/154] Cabiropidae genera=15 species=34
[35/154] Calabozoidae genera=2 species=2
[36/154] Capitoniscidae genera=2 species=4
[37/154] Chaetilidae genera=0 species=0
[38/154] Chaetiliidae genera=14 species=50
[39/154] Cirolanidae genera=70 species=601
[40/154] Corallanidae genera=7 species=87
[41/154] Crinoniscidae genera=2 species=6
[42/154] Cryptoniscidae genera=8 species=30
[43/154] Cryptothiridae genera=1 species=1
[44/154] Cumoechidae genera=1 species=1
[46/154] Cymothoidae genera=50 species=411
[47/154] Cyproniscidae genera=2 species=7
[48/154] Dajidae genera=23 species=66
[50/154] Dendrotionidae genera=4 species=27
[51/154] Desmosomatidae genera=20 species=147
[54/154] Echinothambematidae genera=2 species=4
[55/154] Entoniscidae genera=18 species=43
[56/154] Entophilidae genera=2 species=2
[58/154] Expanathuridae genera=7 species=61
[59/154] Gnathidae genera=0 species=0
[60/154] Gnathiidae genera=13 species=249
[61/154] Gnathostenetroididae genera=3 species=21
[62/154] Hadromastacidae genera=1 species=3
[64/154] Haplomunnidae genera=5 species=14
[65/154] Haploniscidae genera=8 species=126
[67/154] Hemioniscidae genera=3 species=8
[68/154] Holidoteidae genera=4 species=24
[69/154] Holognathidae genera=5 species=31
[70/154] Hypsimetopidae genera=6 species=11
[71/154] Hyssuridae genera=6 species=42
[72/154] Idoteidae genera=25 species=196
[73/154] Ionidae genera=1 species=7
[74/154] Irmaosidae genera=1 species=2
[75/154] Ischnomesidae genera=9 species=111
[76/154] Janirellidae genera=3 species=42
[77/154] Janiridae genera=26 species=183
[78/154] Joeropsididae genera=3 species=84
[79/154] Katianiridae genera=3 species=6
[80/154] Keuphyliidae genera=1 species=1
[81/154] Lantoceramiidae genera=1 species=1
[82/154] Lepidocharontidae genera=3 species=73
[83/154] Leptanthuridae genera=15 species=105
[85/154] Limnoriidae genera=3 species=62
[86/154] Macrostylidae genera=1 species=87
[87/154] Mesamphisopidae genera=1 species=10
[89/154] Mesosignidae genera=5 species=18
[90/154] Microcerberidae genera=7 species=47
[91/154] Microniscidae genera=1 species=6
[92/154] Microparasellidae genera=2 species=13
[93/154] Mictosomatidae genera=1 species=1
[94/154] Munnidae genera=7 species=116
[95/154] Munnopsidae genera=43 species=352
[96/154] Nannoniscidae genera=14 species=95
[99/154] Palaeophreatoicidae genera=4 species=3
[100/154] Paramunnidae genera=48 species=190
[101/154] Paranthuridae genera=7 species=100
[103/154] Parasellidae genera=0 species=0
[106/154] Phoratopodidae genera=1 species=1
[107/154] Phreatoicidae genera=13 species=49
[108/154] Phreatoicopsidae genera=2 species=6
[109/154] Phreatoicopsididae genera=0 species=0
[110/154] Plakarthriidae genera=1 species=3
[112/154] Pleurocopidae genera=1 species=4
[113/154] Podasconidae genera=2 species=4
[114/154] Ponderellidae genera=1 species=2
[116/154] Protognathiidae genera=1 species=2
[117/154] Protojaniridae genera=7 species=12
[119/154] Pseudidotheidae genera=1 species=5
[120/154] Pseudojaniridae genera=3 species=7
[122/154] Rectarcturidae genera=4 species=11
[124/154] Santiidae genera=5 species=31
[126/154] Schweglerellidae genera=1 species=1
[129/154] Serolidae genera=25 species=114
[131/154] Sphaeromatidae genera=118 species=724
[134/154] Stenasellidae genera=11 species=76
[135/154] Stenetriidae genera=14 species=87
[138/154] Tainisopidae genera=2 species=8
[139/154] Tecticipitidae genera=1 species=12
[141/154] Thambematidae genera=2 species=6
[142/154] Thermoarcturidae genera=3 species=3
[145/154] Tricarinidae genera=1 species=1
[147/154] Tridentellidae genera=1 species=25
[150/154] Urdidae genera=2 species=10
[151/154] Urstylidae genera=2 species=4
[152/154] Vermectiadidae genera=1 species=2
[153/154] Xenarcturidae genera=1 species=1
[154/154] Xenosellidae genera=1 species=1
